// Jest Snapshot v1, https://jestjs.io/docs/snapshot-testing

exports[`Button component matches the snapshot 1`] = `
<DocumentFragment>
  <button
    aria-busy="false"
    class="cursor-pointer inline-flex items-center justify-center gap-2 whitespace-nowrap rounded-md text-sm font-medium ring-offset-background transition-colors focus-visible:outline-hidden focus-visible:ring-2 focus-visible:ring-ring focus-visible:ring-offset-2 disabled:pointer-events-none disabled:opacity-50 [&_svg]:pointer-events-none [&_svg]:shrink-0 bg-primary text-primary-foreground hover:bg-primary/70 h-10 px-4 py-2"
  />
</DocumentFragment>
`;
