// Jest Snapshot v1, https://jestjs.io/docs/snapshot-testing

exports[`InputWithIcon component matches snapshot 1`] = `
<DocumentFragment>
  <div
    class="relative"
  >
    <input
      class="border-input file:text-foreground placeholder:text-muted-foreground focus-visible:ring-ring flex h-9 w-full rounded-md border bg-transparent px-3 py-1 text-base shadow-xs transition-colors file:border-0 file:bg-transparent file:text-sm file:font-medium focus-visible:ring-1 focus-visible:outline-hidden disabled:cursor-not-allowed disabled:opacity-50 md:text-sm"
      role="textbox"
    />
    <button
      aria-busy="false"
      class="cursor-pointer inline-flex items-center justify-center gap-2 whitespace-nowrap text-sm font-medium ring-offset-background transition-colors focus-visible:outline-hidden focus-visible:ring-ring focus-visible:ring-offset-2 disabled:pointer-events-none disabled:opacity-50 [&_svg]:pointer-events-none [&_svg]:shrink-0 px-4 py-2 absolute top-1/2 right-0 h-9 w-9 -translate-y-1/2 rounded-md hover:bg-transparent focus-visible:ring-0 hover:text-foreground"
      type="button"
    >
      <span>
        Icon
      </span>
    </button>
  </div>
</DocumentFragment>
`;
